# ============================================================
# Bug Report - Auto Collected by aiFuzzer
# Backend: ONNX Runtime (daemon)
# Seed: 1785284173809
# Timestamp: 20260729_082140
# Exit code: 2
# Elapsed: 2877ms
# ============================================================

--- STDOUT ---
[ONNX-OUT] graph_0[0]: shape=[15, 13, 8, 3]
[ONNX-OUT] graph_0[1]: shape=[15, 13, 8, 3]
[ONNX-OUT] graph_0[2]: shape=[15, 13, 16, 6]
[ONNX-OUT] graph_0[3]: shape=[15, 13, 8]
[ONNX-OUT] graph_0[4]: shape=[15, 13, 8, 3]
[ONNX-OUT] graph_0[5]: shape=[15, 13, 8, 3]
[ONNX-OUT] graph_0[6]: shape=[15, 13, 8, 3]
[ONNX-OUT] graph_0[7]: shape=[15, 13, 8, 3]
[ONNX-OUT] graph_0[8]: shape=[15, 13, 8, 3]
[ONNX-OUT] graph_0[9]: shape=[15, 13, 8, 3]
[ONNX-OUT] graph_0[10]: shape=[15, 13, 8]
[ONNX-OUT] graph_0[11]: shape=[15, 13, 8, 3]
[ONNX-OUT] graph_0[12]: shape=[15, 13, 8, 3]
[ONNX-OUT] graph_0[13]: shape=[15, 13, 8, 3]
[ONNX-OUT] graph_0[14]: shape=[15, 13, 8, 3]
[ONNX-OUT] graph_0[15]: shape=[15, 13, 8, 3]
[ONNX-OUT] graph_0[16]: shape=[15, 13, 8, 3]
[ONNX-OUT] graph_0[17]: shape=[15, 13, 8, 3]
[ONNX-OUT] graph_0[18]: shape=[15, 13, 8, 3]
[ONNX-OUT] graph_0[19]: shape=[15, 13, 8, 3]
[ONNX-OUT] graph_0[20]: shape=[11, 5, 13, 7]
[ONNX-OUT] graph_1[0]: shape=[15, 13, 8, 3]
[ONNX-OUT] graph_1[1]: shape=[15, 13, 8, 3]
[ONNX-OUT] graph_1[2]: shape=[15, 13, 16, 6]
[ONNX-OUT] graph_1[3]: shape=[15, 13, 8]
[ONNX-OUT] graph_1[4]: shape=[15, 13, 8, 3]
[ONNX-OUT] graph_1[5]: shape=[15, 13, 8, 3]
[ONNX-OUT] graph_1[6]: shape=[15, 13, 8, 3]
[ONNX-OUT] graph_1[7]: shape=[15, 13, 8, 3]
[ONNX-OUT] graph_1[8]: shape=[15, 13, 8, 3]
[ONNX-OUT] graph_1[9]: shape=[15, 13, 8, 3]
[ONNX-OUT] graph_1[10]: shape=[15, 13, 8]
[ONNX-OUT] graph_1[11]: shape=[15, 13, 8, 3]
[ONNX-OUT] graph_1[12]: shape=[15, 13, 8, 3]
[ONNX-OUT] graph_1[13]: shape=[15, 13, 8, 3]
[ONNX-OUT] graph_1[14]: shape=[15, 13, 8, 3]
[ONNX-OUT] graph_1[15]: shape=[15, 13, 8, 3]
[ONNX-OUT] graph_1[16]: shape=[15, 13, 8, 3]
[ONNX-OUT] graph_1[17]: shape=[15, 13, 8, 3]
[ONNX-OUT] graph_1[18]: shape=[15, 13, 8, 3]
[ONNX-OUT] graph_1[19]: shape=[15, 13, 8, 3]
[ONNX-OUT] graph_1[20]: shape=[11, 5, 13, 7]
[ONNX-OUT] graph_1[21]: shape=[1, 16]
[ONNX-OUT] graph_1[22]: shape=[3, 3]
[ONNX-OUT] graph_1[23]: shape=[133]
[ONNX-OUT] graph_1[24]: shape=[1, 16]
[ONNX-OUT] graph_1[25]: shape=[1, 16]
[ONNX-OUT] graph_1[26]: shape=[1, 16]
[ONNX-OUT] graph_1[27]: shape=[1, 16]
[ONNX-OUT] graph_1[28]: shape=[1, 16]
[ONNX-OUT] graph_1[29]: shape=[16]
[ONNX-OUT] graph_1[30]: shape=[11, 12, 24, 24]
[ONNX-OUT] graph_1[31]: shape=[1, 16]
[ONNX-OUT] graph_1[32]: shape=[1, 16]
[ONNX-OUT] graph_1[33]: shape=[1, 16]
[ONNX-OUT] graph_1[34]: shape=[1, 16]
[ONNX-OUT] graph_1[35]: shape=[3]
[ONNX-OUT] graph_1[36]: shape=[3, 8]
[ONNX-OUT] graph_1[37]: shape=[3, 8]
[ONNX-OUT] graph_1[38]: shape=[3]
[ONNX-OUT] graph_1[39]: shape=[8, 3]
[ONNX-OUT] graph_2[0]: shape=[15, 13, 8, 3]
[ONNX-OUT] graph_2[1]: shape=[15, 13, 8, 3]
[ONNX-OUT] graph_2[2]: shape=[15, 13, 8]
[ONNX-OUT] graph_2[3]: shape=[15, 13, 8, 3]
[ONNX-OUT] graph_2[4]: shape=[15, 13, 8, 3]
[ONNX-OUT] graph_2[5]: shape=[15, 13, 8, 3]
[ONNX-OUT] graph_2[6]: shape=[15, 13, 8, 3]
[ONNX-OUT] graph_2[7]: shape=[15, 13, 8, 3]
[ONNX-OUT] graph_2[8]: shape=[15, 13, 8, 3]
[ONNX-OUT] graph_2[9]: shape=[15, 13, 8]
[ONNX-OUT] graph_2[10]: shape=[15, 13, 8, 3]
[ONNX-OUT] graph_2[11]: shape=[15, 13, 8, 3]
[ONNX-OUT] graph_2[12]: shape=[15, 13, 8, 3]
[ONNX-OUT] graph_2[13]: shape=[15, 13, 8, 3]
[ONNX-OUT] graph_2[14]: shape=[15, 13, 8, 3]
[ONNX-OUT] graph_2[15]: shape=[15, 13, 8, 3]
[ONNX-OUT] graph_2[16]: shape=[15, 13, 8, 3]
[ONNX-OUT] graph_2[17]: shape=[15, 13, 8, 3]
[ONNX-OUT] graph_2[18]: shape=[15, 13, 8, 3]
[ONNX-OUT] graph_2[19]: shape=[11, 5, 13, 7]
[ONNX-OUT] graph_2[20]: shape=[1, 16]
[ONNX-OUT] graph_2[21]: shape=[3, 3]
[ONNX-OUT] graph_2[22]: shape=[133]
[ONNX-OUT] graph_2[23]: shape=[1, 16]
[ONNX-OUT] graph_2[24]: shape=[1, 16]
[ONNX-OUT] graph_2[25]: shape=[1, 16]
[ONNX-OUT] graph_2[26]: shape=[1, 16]
[ONNX-OUT] graph_2[27]: shape=[16]
[ONNX-OUT] graph_2[28]: shape=[11, 12, 24, 24]
[ONNX-OUT] graph_2[29]: shape=[1, 16]
[ONNX-OUT] graph_2[30]: shape=[1, 16]
[ONNX-OUT] graph_2[31]: shape=[1, 16]
[ONNX-OUT] graph_2[32]: shape=[1, 16]
[ONNX-OUT] graph_2[33]: shape=[3]
[ONNX-OUT] graph_2[34]: shape=[3, 8]
[ONNX-OUT] graph_2[35]: shape=[3, 8]
[ONNX-OUT] graph_2[36]: shape=[3]
[ONNX-OUT] graph_2[37]: shape=[8, 3]
[ONNX-OUT] graph_2[38]: shape=[10, 5, 8, 1]
[ONNX-OUT] graph_2[39]: shape=[10, 5, 8, 16]
[ONNX-OUT] graph_2[40]: shape=[10, 5, 8]
[ONNX-OUT] graph_2[41]: shape=[10, 5, 8]
[ONNX-OUT] graph_2[42]: shape=[10, 5, 8]
[ONNX-OUT] graph_2[43]: shape=[10, 5, 8]
[ONNX-OUT] graph_2[44]: shape=[10, 5]
[ONNX-OUT] graph_2[45]: shape=[10, 5]
[ONNX-OUT] graph_2[46]: shape=[10, 5]
[ONNX-OUT] graph_2[47]: shape=[10, 5]
[ONNX-OUT] graph_2[48]: shape=[10, 5]
[ONNX-OUT] graph_2[49]: shape=[5, 10]
[ONNX-OUT] graph_2[50]: shape=[15, 13, 32, 12]
[ONNX-OUT] graph_2[51]: shape=[1, 10, 5]
[ONNX-OUT] graph_2[52]: shape=[10, 5]
[ONNX-OUT] graph_2[53]: shape=[10, 5]
[ONNX-OUT] graph_2[54]: shape=[8, 7, 4]
[ONNX-OUT] graph_2[55]: shape=[10, 5, 8, 1]
[ONNX-OUT] graph_2[56]: shape=[5, 8, 16]
[ONNX-OUT] graph_2[57]: shape=[10, 5, 8, 16]
[ONNX-OUT] graph_2[58]: shape=[10, 5, 8, 16]
[ONNX-OUT] graph_2[59]: shape=[10, 5, 8, 16]
[ONNX-OUT] graph_2[60]: shape=[10, 5, 8, 16]
[ONNX-OUT] graph_2[61]: shape=[10, 5, 8, 16]
[ONNX-OUT] graph_2[62]: shape=[10, 5, 8, 16]
[ONNX-OUT] graph_3[0]: shape=[15, 13, 8, 3]
[ONNX-OUT] graph_3[1]: shape=[15, 13, 8]
[ONNX-OUT] graph_3[2]: shape=[15, 13, 8, 3]
[ONNX-OUT] graph_3[3]: shape=[15, 13, 8, 3]
[ONNX-OUT] graph_3[4]: shape=[15, 13, 8, 3]
[ONNX-OUT] graph_3[5]: shape=[15, 13, 8, 3]
[ONNX-OUT] graph_3[6]: shape=[15, 13, 8, 3]
[ONNX-OUT] graph_3[7]: shape=[15, 13, 8]
[ONNX-OUT] graph_3[8]: shape=[15, 13, 8, 3]
[ONNX-OUT] graph_3[9]: shape=[15, 13, 8, 3]
[ONNX-OUT] graph_3[10]: shape=[15, 13, 8, 3]
[ONNX-OUT] graph_3[11]: shape=[15, 13, 8, 3]
[ONNX-OUT] graph_3[12]: shape=[15, 13, 8, 3]
[ONNX-OUT] graph_3[13]: shape=[15, 13, 8, 3]
[ONNX-OUT] graph_3[14]: shape=[15, 13, 8, 3]
[ONNX-OUT] graph_3[15]: shape=[15, 13, 8, 3]
[ONNX-OUT] graph_3[16]: shape=[15, 13, 8, 3]
[ONNX-OUT] graph_3[17]: shape=[11, 5, 13, 7]
[ONNX-OUT] graph_3[18]: shape=[1, 16]
[ONNX-OUT] graph_3[19]: shape=[3, 3]
[ONNX-OUT] graph_3[20]: shape=[133]
[ONNX-OUT] graph_3[21]: shape=[1, 16]
[ONNX-OUT] graph_3[22]: shape=[1, 16]
[ONNX-OUT] graph_3[23]: shape=[1, 16]
[ONNX-OUT] graph_3[24]: shape=[1, 16]
[ONNX-OUT] graph_3[25]: shape=[16]
[ONNX-OUT] graph_3[26]: shape=[11, 12, 24, 24]
[ONNX-OUT] graph_3[27]: shape=[1, 16]
[ONNX-OUT] graph_3[28]: shape=[1, 16]
[ONNX-OUT] graph_3[29]: shape=[1, 16]
[ONNX-OUT] graph_3[30]: shape=[1, 16]
[ONNX-OUT] graph_3[31]: shape=[3]
[ONNX-OUT] graph_3[32]: shape=[3, 8]
[ONNX-OUT] graph_3[33]: shape=[3, 8]
[ONNX-OUT] graph_3[34]: shape=[3]
[ONNX-OUT] graph_3[35]: shape=[8, 3]
[ONNX-OUT] graph_3[36]: shape=[10, 5, 8, 1]
[ONNX-OUT] graph_3[37]: shape=[10, 5, 8, 16]
[ONNX-OUT] graph_3[38]: shape=[10, 5, 8]
[ONNX-OUT] graph_3[39]: shape=[10, 5, 8]
[ONNX-OUT] graph_3[40]: shape=[10, 5, 8]
[ONNX-OUT] graph_3[41]: shape=[10, 5, 8]
[ONNX-OUT] graph_3[42]: shape=[10, 5]
[ONNX-OUT] graph_3[43]: shape=[10, 5]
[ONNX-OUT] graph_3[44]: shape=[10, 5]
[ONNX-OUT] graph_3[45]: shape=[10, 5]
[ONNX-OUT] graph_3[46]: shape=[10, 5]
[ONNX-OUT] graph_3[47]: shape=[5, 10]
[ONNX-OUT] graph_3[48]: shape=[15, 13, 32, 12]
[ONNX-OUT] graph_3[49]: shape=[1, 10, 5]
[ONNX-OUT] graph_3[50]: shape=[10, 5]
[ONNX-OUT] graph_3[51]: shape=[10, 5]
[ONNX-OUT] graph_3[52]: shape=[8, 7, 4]
[ONNX-OUT] graph_3[53]: shape=[10, 5, 8, 1]
[ONNX-OUT] graph_3[54]: shape=[5, 8, 16]
[ONNX-OUT] graph_3[55]: shape=[10, 5, 8, 16]
[ONNX-OUT] graph_3[56]: shape=[10, 5, 8, 16]
[ONNX-OUT] graph_3[57]: shape=[10, 5, 8, 16]
[ONNX-OUT] graph_3[58]: shape=[10, 5, 8, 16]
[ONNX-OUT] graph_3[59]: shape=[10, 5, 8, 16]
[ONNX-OUT] graph_3[60]: shape=[10, 5, 8, 16]
[ONNX-OUT] graph_3[61]: shape=[7, 9]
[ONNX-OUT] graph_3[62]: shape=[7, 9, 5]
[ONNX-OUT] graph_3[63]: shape=[7, 9, 5]
[ONNX-OUT] graph_3[64]: shape=[7, 9, 5]
[ONNX-OUT] graph_3[65]: shape=[1, 7, 9, 5]
[ONNX-OUT] graph_3[66]: shape=[1, 7, 5, 9]
[ONNX-OUT] graph_3[67]: shape=[2, 1, 2, 1]
[ONNX-OUT] graph_3[68]: shape=[7, 9, 5]
[ONNX-OUT] graph_3[69]: shape=[15, 13, 8, 3]
[ONNX-OUT] graph_3[70]: shape=[7, 5, 9]
[ONNX-OUT] graph_3[71]: shape=[7, 5, 9]
[ONNX-OUT] graph_3[72]: shape=[7, 9, 5]
[ONNX-OUT] graph_3[73]: shape=[7, 5, 9]
[ONNX-OUT] graph_3[74]: shape=[15, 13, 8, 3]

--- STDERR ---
[0;93m2026-07-29 08:21:37.945637512 [W:onnxruntime:, transformer_memcpy.cc:111 ApplyImpl] 1 Memcpy nodes are added to the graph graph_2 for CUDAExecutionProvider. It might have negative impact on performance (including unable to run CUDA graph). Set session_options.log_severity_level=1 to see the detail logs before this message.[m
[0;93m2026-07-29 08:21:37.959251158 [W:onnxruntime:, transformer_memcpy.cc:111 ApplyImpl] 1 Memcpy nodes are added to the graph graph_2 for CUDAExecutionProvider. It might have negative impact on performance (including unable to run CUDA graph). Set session_options.log_severity_level=1 to see the detail logs before this message.[m
[ONNX-DIFF] graph_4[82]: NaN mismatch! opt_nan_count=208 ref_nan_count=0
