# ============================================================
# Bug Report - Auto Collected by aiFuzzer
# Backend: ONNX Runtime (daemon)
# Seed: 1785284173663
# Timestamp: 20260729_081809
# Exit code: 2
# Elapsed: 3276ms
# ============================================================

--- STDOUT ---
[ONNX-OUT] graph_0[0]: shape=[14, 15, 9, 4]
[ONNX-OUT] graph_0[1]: shape=[2, 14, 9]
[ONNX-OUT] graph_0[2]: shape=[2, 5, 14]
[ONNX-OUT] graph_0[3]: shape=[7, 3]
[ONNX-OUT] graph_0[4]: shape=[3, 7]
[ONNX-OUT] graph_0[5]: shape=[3, 7]
[ONNX-OUT] graph_0[6]: shape=[3, 7]
[ONNX-OUT] graph_0[7]: shape=[3, 7]
[ONNX-OUT] graph_0[8]: shape=[3, 7]
[ONNX-OUT] graph_0[9]: shape=[3, 7]
[ONNX-OUT] graph_0[10]: shape=[3, 7]
[ONNX-OUT] graph_0[11]: shape=[3]
[ONNX-OUT] graph_0[12]: shape=[3]
[ONNX-OUT] graph_0[13]: shape=[3, 11, 52, 44]
[ONNX-OUT] graph_0[14]: shape=[3, 11, 26, 22]
[ONNX-OUT] graph_0[15]: shape=[3, 11, 26]
[ONNX-OUT] graph_0[16]: shape=[3, 11, 26, 22]
[ONNX-OUT] graph_0[17]: shape=[3, 11, 26, 22]
[ONNX-OUT] graph_0[18]: shape=[3, 11, 26, 22]
[ONNX-OUT] graph_0[19]: shape=[3, 11, 26, 22]
[ONNX-OUT] graph_0[20]: shape=[3, 11, 26, 22]
[ONNX-OUT] graph_0[21]: shape=[3, 11, 26, 22]

--- STDERR ---
[0;93m2026-07-29 08:18:08.089308311 [W:onnxruntime:, transformer_memcpy.cc:111 ApplyImpl] 1 Memcpy nodes are added to the graph graph_0 for CUDAExecutionProvider. It might have negative impact on performance (including unable to run CUDA graph). Set session_options.log_severity_level=1 to see the detail logs before this message.[m
[0;93m2026-07-29 08:18:08.117338639 [W:onnxruntime:, transformer_memcpy.cc:111 ApplyImpl] 3 Memcpy nodes are added to the graph graph_2 for CUDAExecutionProvider. It might have negative impact on performance (including unable to run CUDA graph). Set session_options.log_severity_level=1 to see the detail logs before this message.[m
[0;93m2026-07-29 08:18:08.169457985 [W:onnxruntime:, transformer_memcpy.cc:111 ApplyImpl] 3 Memcpy nodes are added to the graph graph_2 for CUDAExecutionProvider. It might have negative impact on performance (including unable to run CUDA graph). Set session_options.log_severity_level=1 to see the detail logs before this message.[m
[ONNX-DIFF] graph_1[40]: opt=[inf inf inf inf inf] ref=[-inf -inf -inf -inf -inf]
